❯ ./test.sh https://vxldx8ck9i.execute-api.us-west-2.amazonaws.com/Prod/MyResource ./test-payload.json
+ http POST https://vxldx8ck9i.execute-api.us-west-2.amazonaws.com/Prod/MyResource Item:=@./test-payload.json
HTTP/1.1 200 OK
Connection: keep-alive
Content-Length: 414
Content-Type: application/json
Date: Thu, 03 May 2018 21:13:56 GMT
Via: 1.1 d159f3d447f69796b1a04dffe8d243c0.cloudfront.net (CloudFront)
X-Amz-Cf-Id: 60kAxGheadAiJo-ksjknQr-rAh-WZ2EaJXMT_cYH5nzgwIudXHUu9g==
X-Amzn-Trace-Id: Root=1-5aeb7b94-457eb371f443bfc06c5dadb3
X-Cache: Miss from cloudfront
x-amz-apigw-id: GVA_OEZIPHcFleg=
x-amzn-RequestId: e3e943ab-4f16-11e8-af74-e7a92312c1b8

{
    "ResponseMetadata": {
        "HTTPHeaders": {
            "connection": "keep-alive",
            "content-length": "2",
            "content-type": "application/x-amz-json-1.0",
            "date": "Thu, 03 May 2018 21:13:56 GMT",
            "server": "Server",
            "x-amz-crc32": "2745614147",
            "x-amzn-requestid": "VQGS8JQIH2G9CDO8P65U6HMKEFVV4KQNSO5AEMVJF66Q9ASUAAJG"
        },
        "HTTPStatusCode": 200,
        "RequestId": "VQGS8JQIH2G9CDO8P65U6HMKEFVV4KQNSO5AEMVJF66Q9ASUAAJG",
        "RetryAttempts": 0
    }
}

+ http GET https://vxldx8ck9i.execute-api.us-west-2.amazonaws.com/Prod/MyResource
HTTP/1.1 200 OK
Connection: keep-alive
Content-Length: 485
Content-Type: application/json
Date: Thu, 03 May 2018 21:13:57 GMT
Via: 1.1 0419e0c9f6ea9a42ab82db8feb536aee.cloudfront.net (CloudFront)
X-Amz-Cf-Id: Nsflnq2N-dxYOskE8ui1ULydLO9fg7-HaCmbtjMwZ1A7Pr_wgEJUhA==
X-Amzn-Trace-Id: Root=1-5aeb7b95-f0ceaed903bf48b8605b6899
X-Cache: Miss from cloudfront
x-amz-apigw-id: GVA_UHO5PHcFo7w=
x-amzn-RequestId: e444d07b-4f16-11e8-8db6-6940d66a847c

{
    "Count": 1,
    "Items": [
        {
            "id": {
                "S": "id_string"
            }
        }
    ],
    "ResponseMetadata": {
        "HTTPHeaders": {
            "connection": "keep-alive",
            "content-length": "63",
            "content-type": "application/x-amz-json-1.0",
            "date": "Thu, 03 May 2018 21:13:57 GMT",
            "server": "Server",
            "x-amz-crc32": "3041197985",
            "x-amzn-requestid": "9NFOFDHCCR5OE0V81IUC70Q6FNVV4KQNSO5AEMVJF66Q9ASUAAJG"
        },
        "HTTPStatusCode": 200,
        "RequestId": "9NFOFDHCCR5OE0V81IUC70Q6FNVV4KQNSO5AEMVJF66Q9ASUAAJG",
        "RetryAttempts": 0
    },
    "ScannedCount": 1
}
